Compiling lib\main.dart for the Web...                          
flutter : 
'C:\Users\niranjan' is 
not recognized as an 
internal or external 
command,
At line:1 char:1
+ flutter build web 
--release > 
build_output.txt 2>&1
+ ~~~~~~~~~~~~~~~~~~~~~~~~
~~~~~~~~~~~~~~~~~~~~~~~~~~
~
    + CategoryInfo        
      : NotSpecified: ('  
  C:\Users\niran...tern   
 al command,:String) [    
], RemoteException
    + FullyQualifiedError 
   Id : NativeCommandErr  
  or
 
operable program or batch 
file.

Building native assets 
for package:objective_c 
failed.
Compilation of hook 
returned with exit code: 
1.
To reproduce run:
C:\Users\niranjan v\flutte
r\bin\cache\dart-sdk\bin\d
art compile kernel --packa
ges=C:\flutter\flutter_app
lication_1\.dart_tool\pack
age_config.json --output=C
:\flutter\flutter_applicat
ion_1\.dart_tool\hooks_run
ner\objective_c\6782ff62a0
\hook.dill --depfile=C:\fl
utter\flutter_application_
1\.dart_tool\hooks_runner\
objective_c\6782ff62a0\hoo
k.dill.d 
'C:\Users\niranjan v\AppDa
ta\Local\Pub\Cache\hosted\
pub.dev\objective_c-9.3.0\
hook\build.dart'
stderr:
'C:\Users\niranjan' is 
not recognized as an 
internal or external 
command,
operable program or batch 
file.

stdout:


Wasm dry run succeeded. 
Consider building and 
testing your application 
with the `--wasm` flag. 
See docs for more info: ht
tps://docs.flutter.dev/pla
tform-integration/web/wasm
Use --no-wasm-dry-run to 
disable these warnings.
Target dart_build failed: 
Error: Building native 
assets failed. See the 
logs for more details.
#0      throwToolExit (pac
kage:flutter_tools/src/bas
e/common.dart:34:3)
#1      _throwNativeAssets
BuildFailed (package:flutt
er_tools/src/isolated/nati
ve_assets/native_assets.da
rt:654:3)
#2      _build (package:fl
utter_tools/src/isolated/n
ative_assets/native_assets
.dart:612:5)
<asynchronous suspension>
#3      _runDartHooks (pac
kage:flutter_tools/src/iso
lated/native_assets/native
_assets.dart:534:37)
<asynchronous suspension>
#4      DartBuild.build (p
ackage:flutter_tools/src/b
uild_system/targets/native
_assets.dart:76:14)
<asynchronous suspension>
#5      _BuildInstance._in
vokeInternal (package:flut
ter_tools/src/build_system
/build_system.dart:937:9)
<asynchronous suspension>
#6      
Future.wait.<anonymous 
closure> (dart:async/futur
e.dart:546:21)
<asynchronous suspension>
#7      _BuildInstance.inv
okeTarget (package:flutter
_tools/src/build_system/bu
ild_system.dart:875:32)
<asynchronous suspension>
#8      
Future.wait.<anonymous 
closure> (dart:async/futur
e.dart:546:21)
<asynchronous suspension>
#9      _BuildInstance.inv
okeTarget (package:flutter
_tools/src/build_system/bu
ild_system.dart:875:32)
<asynchronous suspension>
#10     
FlutterBuildSystem.build (
package:flutter_tools/src/
build_system/build_system.
dart:684:16)
<asynchronous suspension>
#11     
WebBuilder.buildWeb (packa
ge:flutter_tools/src/web/c
ompile.dart:107:34)
<asynchronous suspension>
#12     BuildWebCommand.ru
nCommand (package:flutter_
tools/src/commands/build_w
eb.dart:300:5)
<asynchronous suspension>
#13     FlutterCommand.run
.<anonymous closure> (pack
age:flutter_tools/src/runn
er/flutter_command.dart:15
90:27)
<asynchronous suspension>
#14     
AppContext.run.<anonymous 
closure> (package:flutter_
tools/src/base/context.dar
t:154:19)
<asynchronous suspension>
#15     
CommandRunner.runCommand (
package:args/command_runne
r.dart:212:13)
<asynchronous suspension>
#16     FlutterCommandRunn
er.runCommand.<anonymous 
closure> (package:flutter_
tools/src/runner/flutter_c
ommand_runner.dart:496:9)
<asynchronous suspension>
#17     
AppContext.run.<anonymous 
closure> (package:flutter_
tools/src/base/context.dar
t:154:19)
<asynchronous suspension>
#18     FlutterCommandRunn
er.runCommand (package:flu
tter_tools/src/runner/flut
ter_command_runner.dart:43
1:5)
<asynchronous suspension>
#19     FlutterCommandRunn
er.run.<anonymous 
closure> (package:flutter_
tools/src/runner/flutter_c
ommand_runner.dart:307:33)
<asynchronous suspension>
#20     run.<anonymous 
closure>.<anonymous 
closure> (package:flutter_
tools/runner.dart:104:11)
<asynchronous suspension>
#21     
AppContext.run.<anonymous 
closure> (package:flutter_
tools/src/base/context.dar
t:154:19)
<asynchronous suspension>
#22     main (package:flut
ter_tools/executable.dart:
103:3)
<asynchronous suspension>

Compiling lib\main.dart for the Web...                             27.4s
Error: Failed to compile 
application for the Web.
